// Jest Snapshot v1, https://goo.gl/fbAQLP

exports[`[Component] AppEventBanner should render component 1`] = `
<div>
  <div
    class="SAppEventBannerstyled__SEventBannerWrapper-sc-1czc15b-0 effGGI"
  >
    <div
      class="SAppEventBannerstyled__SAppEventBannerContainer-sc-1czc15b-1 cXnYOT container"
    >
      <div
        class="SAppEventBannerstyled__SEventBannerContentContainer-sc-1czc15b-2 hbvGET"
      >
        <div
          class="SAppEventBannerstyled__SEventBannerContent-sc-1czc15b-3 hDeden"
        >
          <button
            style="color: rgb(255, 255, 255);"
          >
            light
          </button>
          <h3
            class="SAppEventBannerstyled__SEventBannerContentTitle-sc-1czc15b-4 gaRFeE"
          >
            UPCOMING WEBINAR:
          </h3>
          <p
            class="SAppEventBannerstyled__SEventBannerContentDesctiption-sc-1czc15b-5 jRLQLC"
          >
            Market rate and development asia-to-europe sea freight
          </p>
          <p
            class="SAppLinkButtonstyled__SAppLinkButtonText-sc-9xu9ej-1 bULUXf"
          >
            Learn more
          </p>
        </div>
        <button
          class="SAppEventBannerstyled__SEventBannerCloseButton-sc-1czc15b-6 bwFXUv"
        >
          <title
            id="Close-Button"
          >
            Close button
          </title>
          <svg
            aria-labelledby="Close-Button"
            fill="none"
            height="15"
            role="img"
            viewBox="0 0 15 15"
            width="15"
            xmlns="http://www.w3.org/2000/svg"
          >
            <path
              d="M0.566406 14.501C0.712891 14.6475 0.882812 14.7441 1.07617 14.791C1.27539 14.8379 1.47168 14.8379 1.66504 14.791C1.8584 14.7441 2.02539 14.6504 2.16602 14.5098L7.4043 9.27148L12.6426 14.5098C12.7832 14.6504 12.9502 14.7441 13.1436 14.791C13.3369 14.8379 13.5303 14.8379 13.7236 14.791C13.917 14.7441 14.0869 14.6475 14.2334 14.501C14.3799 14.3545 14.4766 14.1846 14.5234 13.9912C14.5703 13.7979 14.5703 13.6045 14.5234 13.4111C14.4766 13.2178 14.3828 13.0508 14.2422 12.9102L9.0127 7.66309L14.2422 2.4248C14.3828 2.28418 14.4766 2.11719 14.5234 1.92383C14.5762 1.73047 14.5762 1.53711 14.5234 1.34375C14.4766 1.15039 14.3799 0.983398 14.2334 0.842773C14.0869 0.69043 13.917 0.59082 13.7236 0.543945C13.5303 0.49707 13.3369 0.49707 13.1436 0.543945C12.9502 0.59082 12.7832 0.68457 12.6426 0.825195L7.4043 6.06348L2.16602 0.825195C2.02539 0.68457 1.85547 0.59082 1.65625 0.543945C1.46289 0.49707 1.2666 0.49707 1.06738 0.543945C0.874023 0.59082 0.707031 0.6875 0.566406 0.833984C0.419922 0.980469 0.323242 1.15039 0.276367 1.34375C0.235352 1.53711 0.235352 1.7334 0.276367 1.93262C0.323242 2.12598 0.416992 2.29004 0.557617 2.4248L5.7959 7.66309L0.557617 12.9102C0.416992 13.0508 0.323242 13.2178 0.276367 13.4111C0.229492 13.6045 0.229492 13.7979 0.276367 13.9912C0.323242 14.1846 0.419922 14.3545 0.566406 14.501Z"
            />
          </svg>
        </button>
      </div>
    </div>
  </div>
</div>
`;
